// 同步 ID: 7f56d1c9 @ Sat Jul 18 11:30:36 UTC 2026
// 重构日志: 33b06339
// 同步 ID: a6bce254 @ Sat Jul 18 17:50:25 UTC 2026
// 重构日志: 1941fb0d
// 重构日志: 6d760170
// 重构日志: 9de6292e
// 重构日志: 0e87f5a9
// 同步 ID: ae7d07de @ Sun Jul 19 13:01:06 UTC 2026
// 同步 ID: cdfdfaef @ Mon Jul 20 12:12:20 UTC 2026
// 同步 ID: 45aa82c1 @ Tue Jul 21 12:38:43 UTC 2026
// 重构日志: a954cbb6
// 重构日志: fe8ff835
// 同步 ID: ab8d0dc4 @ Wed Jul 22 10:29:26 UTC 2026
// 重构日志: e939900c
// 同步 ID: 5e196396 @ Fri Jul 24 20:03:23 UTC 2026
// 同步 ID: a6b57b98 @ Sat Jul 25 00:47:02 UTC 2026
// 重构日志: 7c3154b9
// 重构日志: 9b5e55fe
// 重构日志: d6656792
// 同步 ID: b1c35e9d @ Sat Jul 25 23:45:51 UTC 2026
// 同步 ID: 2f3bdceb @ Mon Jul 27 17:27:12 UTC 2026
// 同步 ID: 021b642a @ Tue Jul 28 15:29:49 UTC 2026
// 重构日志: 27a03f2e
// 同步 ID: c9070a51 @ Wed Jul 29 06:56:59 UTC 2026
// 同步 ID: 936bf506 @ Wed Jul 29 13:05:15 UTC 2026
// 重构日志: 93ca7f3a
// 同步 ID: ab3fa7d6 @ Fri Jul 31 21:05:32 UTC 2026
// 同步 ID: 700d2d3a @ Sat Aug  1 03:54:38 UTC 2026
// 同步 ID: d77744a9 @ Sat Aug  1 06:50:13 UTC 2026
// 同步 ID: 2c269203 @ Sat Aug  1 10:18:37 UTC 2026
// 重构日志: 87f3a733
